Removed Pin From Net: NetName=GND Pin=U1-GND
Removed Pin From Net: NetName=GND Pin=U1-GND
Removed Pin From Net: NetName=GND Pin=U1-GND
Removed Pin From Net: NetName=GND Pin=U1-GND
Removed Pin From Net: NetName=GND Pin=U1-GND
Removed Pin From Net: NetName=GND Pin=U1-GND
Removed Pin From Net: NetName=GND Pin=U1-GND
Removed Pin From Net: NetName=GND Pin=U1-GND
Removed Pin From Net: NetName=GND Pin=U1-GND
Removed Pin From Net: NetName=GND Pin=U1-GND
Removed Pin From Net: NetName=GND Pin=U1-GND
Removed Pin From Net: NetName=GND Pin=U1-GND
Removed Pin From Net: NetName=RPWM Pin=U4-2
Removed Pin From Net: NetName=LPWM Pin=U5-2
Change Component Designator: OldDesignator=5V NewDesignator=L6
Change Component Designator: OldDesignator=12V NewDesignator=L7
Change Component Designator: OldDesignator=R11 NewDesignator=R12
Change Component Designator: OldDesignator=R12 NewDesignator=R13
Change Component Designator: OldDesignator=R13 NewDesignator=R14
Change Component Designator: OldDesignator=R14 NewDesignator=R15
Change Component Designator: OldDesignator=R15 NewDesignator=R16
Change Component Designator: OldDesignator=R16 NewDesignator=R17
Change Component Designator: OldDesignator=R17 NewDesignator=R18
Change Component Designator: OldDesignator=R18 NewDesignator=R19
Change Component Designator: OldDesignator=R19 NewDesignator=R21
Change Component Designator: OldDesignator=R20 NewDesignator=R22
Change Component Designator: OldDesignator=R21 NewDesignator=R23
Change Component Designator: OldDesignator=R22 NewDesignator=R24
Change Component Designator: OldDesignator=R23 NewDesignator=R25
Change Component Designator: OldDesignator=R24 NewDesignator=R26
Change Component Designator: OldDesignator=R25 NewDesignator=R27
Change Component Description : Designator=E1 Old Description=EMI Ferrite Chip Bead, 0805, 800MA, 120Ohms @100MHz, DCR Max 0.150Ohm New Description=EMI Ferrite Chip Bead, 0805, 800MA, 120Ohms @100MHz, DCR Max 0.150Ohm | Laird Performance Materials LI0805H121R-10
Added Component: Designator=R11(tro smd 0805)
Add component (AddParameter): Name = "Chung_Loai"; Value = "Dán"; VariantName = "[No Variations]"
Add component (AddParameter): Name = "Don_Vi"; Value = "Con"; VariantName = "[No Variations]"
Add component (AddParameter): Name = "Kieu_Chan"; Value = ""; VariantName = "[No Variations]"
Add component (AddParameter): Name = "Ma_Hang"; Value = "MH005239"; VariantName = "[No Variations]"
Add component (AddParameter): Name = "So_Chan"; Value = "2"; VariantName = "[No Variations]"
Add component (AddParameter): Name = "Ten_Linh_Kien"; Value = "Tr? 0805 5% 10k"; VariantName = "[No Variations]"
Added Component: Designator=R20(tro smd 0805)
Add component (AddParameter): Name = "Chung_Loai"; Value = "Dán"; VariantName = "[No Variations]"
Add component (AddParameter): Name = "Don_Vi"; Value = "Con"; VariantName = "[No Variations]"
Add component (AddParameter): Name = "Kieu_Chan"; Value = ""; VariantName = "[No Variations]"
Add component (AddParameter): Name = "Ma_Hang"; Value = "MH005239"; VariantName = "[No Variations]"
Add component (AddParameter): Name = "So_Chan"; Value = "2"; VariantName = "[No Variations]"
Add component (AddParameter): Name = "Ten_Linh_Kien"; Value = "Tr? 0805 5% 10k"; VariantName = "[No Variations]"
Added Pin To Net: NetName=RPWM Pin=R11-2
Added Pin To Net: NetName=LPWM Pin=R20-2
Change Net Name : Old Net Name=NetR11_1 New Net Name=NetR12_1
Change Net Name : Old Net Name=NetR12_1 New Net Name=NetR13_1
Change Net Name : Old Net Name=NetR13_2 New Net Name=NetR14_2
Change Net Name : Old Net Name=NetR14_1 New Net Name=NetR15_1
Change Net Name : Old Net Name=NetR15_1 New Net Name=NetR16_1
Change Net Name : Old Net Name=NetR19_1 New Net Name=NetR21_1
Change Net Name : Old Net Name=NetR20_1 New Net Name=NetR22_1
Change Net Name : Old Net Name=NetR21_1 New Net Name=NetR23_1
Added Pin To Net: NetName=NetR11_1 Pin=R11-1
Added Pin To Net: NetName=NetR11_1 Pin=U4-2
Added Net: Name=NetR11_1
Added Pin To Net: NetName=NetR20_1 Pin=R20-1
Added Pin To Net: NetName=NetR20_1 Pin=U5-2
Added Net: Name=NetR20_1
Added Member To Class: ClassName=Sheet2 Member=Component L5 LED 1206
Added Member To Class: ClassName=Sheet2 Member=Component R26 10k
Added Member To Class: ClassName=Sheet2 Member=Component R27 10k
