Removed Pin From Net: NetName=GND Pin=ESP32-41_10
Removed Pin From Net: NetName=GND Pin=ESP32-41_11
Removed Pin From Net: NetName=GND Pin=ESP32-41_12
Removed Pin From Net: NetName=GND Pin=ESP32-41_13
Removed Pin From Net: NetName=GND Pin=ESP32-41_14
Removed Pin From Net: NetName=GND Pin=ESP32-41_15
Removed Pin From Net: NetName=GND Pin=ESP32-41_16
Removed Pin From Net: NetName=GND Pin=ESP32-41_17
Removed Pin From Net: NetName=GND Pin=ESP32-41_18
Removed Pin From Net: NetName=GND Pin=ESP32-41_19
Removed Pin From Net: NetName=GND Pin=ESP32-41_20
Removed Pin From Net: NetName=GND Pin=ESP32-41_21
Removed Pin From Net: NetName=GND Pin=LCD-13
Removed Pin From Net: NetName=GND Pin=LCD-13
Removed Pin From Net: NetName=GND Pin=LCD-13
Removed Pin From Net: NetName=GND Pin=LCD-13
Change Component Comment : Designator=X1 Old Comment=24MHz New Comment=8Mhz
Change Component Designator: OldDesignator=ESP32 NewDesignator=U1
Change Component Designator: OldDesignator=LCD NewDesignator=LCD1
Change Component Description : Designator=E1 Old Description=EMI Ferrite Chip Bead, 0805, 800MA, 120Ohms @100MHz, DCR Max 0.150Ohm New Description=EMI Ferrite Chip Bead, 0805, 800MA, 120Ohms @100MHz, DCR Max 0.150Ohm | Laird Performance Materials LI0805H121R-10
Added Component: Designator=L5(LED-1206-Blue)
Add component (AddParameter): Name = "Chung_Loai"; Value = "Dán"; VariantName = "[No Variations]"
Add component (AddParameter): Name = "Don_Vi"; Value = "Con"; VariantName = "[No Variations]"
Add component (AddParameter): Name = "Ghi_Chu"; Value = ""; VariantName = "[No Variations]"
Add component (AddParameter): Name = "Kieu_Chan"; Value = ""; VariantName = "[No Variations]"
Add component (AddParameter): Name = "Ma_Hang"; Value = "MH002333"; VariantName = "[No Variations]"
Add component (AddParameter): Name = "Ten_Linh_Kien"; Value = "LED1206 Màu Xanh Duong (Blue)"; VariantName = "[No Variations]"
Added Component: Designator=L6(LED-1206-Blue)
Add component (AddParameter): Name = "Chung_Loai"; Value = "Dán"; VariantName = "[No Variations]"
Add component (AddParameter): Name = "Don_Vi"; Value = "Con"; VariantName = "[No Variations]"
Add component (AddParameter): Name = "Ghi_Chu"; Value = ""; VariantName = "[No Variations]"
Add component (AddParameter): Name = "Kieu_Chan"; Value = ""; VariantName = "[No Variations]"
Add component (AddParameter): Name = "Ma_Hang"; Value = "MH002333"; VariantName = "[No Variations]"
Add component (AddParameter): Name = "Ten_Linh_Kien"; Value = "LED1206 Màu Xanh Duong (Blue)"; VariantName = "[No Variations]"
Added Component: Designator=L7(LED-1206-Blue)
Add component (AddParameter): Name = "Chung_Loai"; Value = "Dán"; VariantName = "[No Variations]"
Add component (AddParameter): Name = "Don_Vi"; Value = "Con"; VariantName = "[No Variations]"
Add component (AddParameter): Name = "Ghi_Chu"; Value = ""; VariantName = "[No Variations]"
Add component (AddParameter): Name = "Kieu_Chan"; Value = ""; VariantName = "[No Variations]"
Add component (AddParameter): Name = "Ma_Hang"; Value = "MH002333"; VariantName = "[No Variations]"
Add component (AddParameter): Name = "Ten_Linh_Kien"; Value = "LED1206 Màu Xanh Duong (Blue)"; VariantName = "[No Variations]"
Added Component: Designator=R23(tro smd 0805)
Add component (AddParameter): Name = "Chung_Loai"; Value = "Dán"; VariantName = "[No Variations]"
Add component (AddParameter): Name = "Don_Vi"; Value = "Con"; VariantName = "[No Variations]"
Add component (AddParameter): Name = "Kieu_Chan"; Value = ""; VariantName = "[No Variations]"
Add component (AddParameter): Name = "Ma_Hang"; Value = "MH005473"; VariantName = "[No Variations]"
Add component (AddParameter): Name = "So_Chan"; Value = "2"; VariantName = "[No Variations]"
Add component (AddParameter): Name = "Ten_Linh_Kien"; Value = "Tr? 0805 1% 10k"; VariantName = "[No Variations]"
Added Component: Designator=R24(tro smd 0805)
Add component (AddParameter): Name = "Chung_Loai"; Value = "Dán"; VariantName = "[No Variations]"
Add component (AddParameter): Name = "Don_Vi"; Value = "Con"; VariantName = "[No Variations]"
Add component (AddParameter): Name = "Kieu_Chan"; Value = ""; VariantName = "[No Variations]"
Add component (AddParameter): Name = "Ma_Hang"; Value = "MH005473"; VariantName = "[No Variations]"
Add component (AddParameter): Name = "So_Chan"; Value = "2"; VariantName = "[No Variations]"
Add component (AddParameter): Name = "Ten_Linh_Kien"; Value = "Tr? 0805 1% 10k"; VariantName = "[No Variations]"
Added Component: Designator=R25(tro smd 0805)
Add component (AddParameter): Name = "Chung_Loai"; Value = "Dán"; VariantName = "[No Variations]"
Add component (AddParameter): Name = "Don_Vi"; Value = "Con"; VariantName = "[No Variations]"
Add component (AddParameter): Name = "Kieu_Chan"; Value = ""; VariantName = "[No Variations]"
Add component (AddParameter): Name = "Ma_Hang"; Value = "MH005473"; VariantName = "[No Variations]"
Add component (AddParameter): Name = "So_Chan"; Value = "2"; VariantName = "[No Variations]"
Add component (AddParameter): Name = "Ten_Linh_Kien"; Value = "Tr? 0805 1% 10k"; VariantName = "[No Variations]"
Added Pin To Net: NetName=3.3V Pin=L5-1
Added Pin To Net: NetName=5V_CS Pin=L6-1
Added Pin To Net: NetName=12V_CS Pin=L7-1
Added Pin To Net: NetName=GND Pin=R23-1
Added Pin To Net: NetName=GND_CS Pin=R24-1
Added Pin To Net: NetName=GND_CS Pin=R25-1
Added Pin To Net: NetName=NetL5_2 Pin=L5-2
Added Pin To Net: NetName=NetL5_2 Pin=R23-2
Added Net: Name=NetL5_2
Added Pin To Net: NetName=NetL6_2 Pin=L6-2
Added Pin To Net: NetName=NetL6_2 Pin=R24-2
Added Net: Name=NetL6_2
Added Pin To Net: NetName=NetL7_2 Pin=L7-2
Added Pin To Net: NetName=NetL7_2 Pin=R25-2
Added Net: Name=NetL7_2
Added Member To Class: ClassName=Sheet2 Member=Component L5 LED 1206
Added Member To Class: ClassName=Sheet2 Member=Component L6 LED 1206
Added Member To Class: ClassName=Sheet2 Member=Component L7 LED 1206
Added Member To Class: ClassName=Sheet2 Member=Component LCD1 LCD 1602
Added Member To Class: ClassName=Sheet2 Member=Component R2 10k
Added Member To Class: ClassName=Sheet2 Member=Component R3 220R
Added Member To Class: ClassName=Sheet2 Member=Component R4 10k
Added Member To Class: ClassName=Sheet2 Member=Component R5 10k
Added Member To Class: ClassName=Sheet2 Member=Component R6 10k
Added Member To Class: ClassName=Sheet2 Member=Component R17 10k
Added Member To Class: ClassName=Sheet2 Member=Component R23 10k
Added Member To Class: ClassName=Sheet2 Member=Component R24 10k
Added Member To Class: ClassName=Sheet2 Member=Component R25 10k
Added Member To Class: ClassName=Sheet2 Member=Component U1 ESP32-S3-WROOM-1-N4
