Added Component: Designator=U1(XCVR_ESP32-S3-WROOM-1-N4)
Add component (AddParameter): Name = "Availability"; Value = "Unavailable"; VariantName = "[No Variations]"
Add component (AddParameter): Name = "MF"; Value = "{'manufacturer': u'Espressif Systems'}"; VariantName = "[No Variations]"
Add component (AddParameter): Name = "MP"; Value = "ESP32-S3-WROOM-1-N4"; VariantName = "[No Variations]"
Add component (AddParameter): Name = "Package"; Value = "None"; VariantName = "[No Variations]"
Add component (AddParameter): Name = "Price"; Value = "None"; VariantName = "[No Variations]"
Add component (AddParameter): Name = "Value"; Value = ""; VariantName = "[No Variations]"
Added Component: Designator=U2(STM-LQFP100_V)
Add component (AddParameter): Name = "ComponentLink1Description"; Value = "Manufacturer URL"; VariantName = "[No Variations]"
Add component (AddParameter): Name = "ComponentLink1URL"; Value = "http://www.st.com/web/en/home.html"; VariantName = "[No Variations]"
Add component (AddParameter): Name = "ComponentLink2Description"; Value = "Datasheet"; VariantName = "[No Variations]"
Add component (AddParameter): Name = "ComponentLink2URL"; Value = "http://www.st.com/st-web-ui/static/active/en/resource/technical/document/datasheet/DM00037051.pdf"; VariantName = "[No Variations]"
Add component (AddParameter): Name = "ComponentLink3Description"; Value = "Package Specification"; VariantName = "[No Variations]"
Add component (AddParameter): Name = "ComponentLink3URL"; Value = "http://www.st.com/st-web-ui/static/active/en/resource/technical/document/data_brief/DM00071938.pdf"; VariantName = "[No Variations]"
Add component (AddParameter): Name = "Core"; Value = "ARM Cortex-M4"; VariantName = "[No Variations]"
Add component (AddParameter): Name = "D/A Converter"; Value = "2x12-bit"; VariantName = "[No Variations]"
Add component (AddParameter): Name = "DatasheetVersion"; Value = "Rev. 4"; VariantName = "[No Variations]"
Add component (AddParameter): Name = "FLASH Size (Prog) (kB)"; Value = "512"; VariantName = "[No Variations]"
Add component (AddParameter): Name = "I/Os (High Current)"; Value = "82"; VariantName = "[No Variations]"
Add component (AddParameter): Name = "Internal RAM Size (kB)"; Value = "192"; VariantName = "[No Variations]"
Add component (AddParameter): Name = "Manufacturer"; Value = "STMicroelectronics"; VariantName = "[No Variations]"
Add component (AddParameter): Name = "Mounting Technology"; Value = "Surface Mount"; VariantName = "[No Variations]"
Add component (AddParameter): Name = "Operating Frequency(F) (Processor speed) (MHz)"; Value = "168"; VariantName = "[No Variations]"
Add component (AddParameter): Name = "PackageDescription"; Value = "100-Pin Low Profile Quad Flat Package, 14 x 14 mm Body, 0.5 mm Pitch"; VariantName = "[No Variations]"
Add component (AddParameter): Name = "PackageReference"; Value = "LQFP100"; VariantName = "[No Variations]"
Add component (AddParameter): Name = "PackageVersion"; Value = "Rev. 1, 06/2013"; VariantName = "[No Variations]"
Add component (AddParameter): Name = "Packing"; Value = "Tray"; VariantName = "[No Variations]"
Add component (AddParameter): Name = "PartNumber"; Value = "STM32F407VET6"; VariantName = "[No Variations]"
Add component (AddParameter): Name = "Supply Voltage(Vcc) max (V)"; Value = "3.6"; VariantName = "[No Variations]"
Add component (AddParameter): Name = "Supply Voltage(Vcc) min (V)"; Value = "1.8"; VariantName = "[No Variations]"
Added Pin To Net: NetName=3.3V Pin=AMS1-2
Added Pin To Net: NetName=3.3V Pin=AMS1-4
Added Pin To Net: NetName=3.3V Pin=C1-1
Added Pin To Net: NetName=3.3V Pin=C2-2
Added Pin To Net: NetName=3.3V Pin=C3-1
Added Pin To Net: NetName=3.3V Pin=C5-1
Added Pin To Net: NetName=3.3V Pin=C6-1
Added Pin To Net: NetName=3.3V Pin=C7-1
Added Pin To Net: NetName=3.3V Pin=C8-1
Added Pin To Net: NetName=3.3V Pin=C9-1
Added Pin To Net: NetName=3.3V Pin=C10-1
Added Pin To Net: NetName=3.3V Pin=C11-1
Added Pin To Net: NetName=3.3V Pin=C14-1
Added Pin To Net: NetName=3.3V Pin=C19-1
Added Pin To Net: NetName=3.3V Pin=C22-1
Added Pin To Net: NetName=3.3V Pin=C24-1
Added Pin To Net: NetName=3.3V Pin=C26-1
Added Pin To Net: NetName=3.3V Pin=C27-1
Added Pin To Net: NetName=3.3V Pin=D1-2
Added Pin To Net: NetName=3.3V Pin=E1-2
Added Pin To Net: NetName=3.3V Pin=H1-1
Added Pin To Net: NetName=3.3V Pin=H3-2
Added Pin To Net: NetName=3.3V Pin=H6-1
Added Pin To Net: NetName=3.3V Pin=H7-4
Added Pin To Net: NetName=3.3V Pin=H8-1
Added Pin To Net: NetName=3.3V Pin=H9-4
Added Pin To Net: NetName=3.3V Pin=L1-1
Added Pin To Net: NetName=3.3V Pin=L2-1
Added Pin To Net: NetName=3.3V Pin=LCD1-2
Added Pin To Net: NetName=3.3V Pin=P1-1
Added Pin To Net: NetName=3.3V Pin=P1-2
Added Pin To Net: NetName=3.3V Pin=P1-3
Added Pin To Net: NetName=3.3V Pin=P1-4
Added Pin To Net: NetName=3.3V Pin=P1-5
Added Pin To Net: NetName=3.3V Pin=P1-6
Added Pin To Net: NetName=3.3V Pin=R1-2
Added Pin To Net: NetName=3.3V Pin=R3-1
Added Pin To Net: NetName=3.3V Pin=R4-2
Added Pin To Net: NetName=3.3V Pin=R5-2
Added Pin To Net: NetName=3.3V Pin=R6-2
Added Pin To Net: NetName=3.3V Pin=R11-2
Added Pin To Net: NetName=3.3V Pin=R12-2
Added Pin To Net: NetName=3.3V Pin=U1-2
Added Pin To Net: NetName=3.3V Pin=U2-6
Added Pin To Net: NetName=3.3V Pin=U2-11
Added Pin To Net: NetName=3.3V Pin=U2-19
Added Pin To Net: NetName=3.3V Pin=U2-21
Added Pin To Net: NetName=3.3V Pin=U2-28
Added Pin To Net: NetName=3.3V Pin=U2-50
Added Pin To Net: NetName=3.3V Pin=U2-75
Added Pin To Net: NetName=3.3V Pin=U2-100
Added Net: Name=3.3V
Added Pin To Net: NetName=BLE/RXD3 Pin=H8-3
Added Pin To Net: NetName=BLE/RXD3 Pin=U2-48
Added Net: Name=BLE/RXD3
Added Pin To Net: NetName=BLE/TXD3 Pin=H8-2
Added Pin To Net: NetName=BLE/TXD3 Pin=U2-47
Added Net: Name=BLE/TXD3
Added Pin To Net: NetName=ENABLE_1L Pin=H2-2
Added Pin To Net: NetName=ENABLE_1L Pin=U2-52
Added Net: Name=ENABLE_1L
Added Pin To Net: NetName=ENABLE_1R Pin=H2-1
Added Pin To Net: NetName=ENABLE_1R Pin=U2-51
Added Net: Name=ENABLE_1R
Added Pin To Net: NetName=ENABLE_2L Pin=H2-4
Added Pin To Net: NetName=ENABLE_2L Pin=U2-54
Added Net: Name=ENABLE_2L
Added Pin To Net: NetName=ENABLE_2R Pin=H2-3
Added Pin To Net: NetName=ENABLE_2R Pin=U2-53
Added Net: Name=ENABLE_2R
Added Pin To Net: NetName=ENCODER1_A Pin=H9-2
Added Pin To Net: NetName=ENCODER1_A Pin=U2-31
Added Net: Name=ENCODER1_A
Added Pin To Net: NetName=ENCODER1_B Pin=H9-3
Added Pin To Net: NetName=ENCODER1_B Pin=U2-32
Added Net: Name=ENCODER1_B
Added Pin To Net: NetName=ENCODER2_A Pin=H7-2
Added Pin To Net: NetName=ENCODER2_A Pin=U2-23
Added Net: Name=ENCODER2_A
Added Pin To Net: NetName=ENCODER2_B Pin=H7-3
Added Pin To Net: NetName=ENCODER2_B Pin=U2-24
Added Net: Name=ENCODER2_B
Added Pin To Net: NetName=ESP_BOOT Pin=BT3-1
Added Pin To Net: NetName=ESP_BOOT Pin=C16-1
Added Pin To Net: NetName=ESP_BOOT Pin=R5-1
Added Pin To Net: NetName=ESP_BOOT Pin=U1-27
Added Net: Name=ESP_BOOT
Added Pin To Net: NetName=ESP_RST Pin=BT2-1
Added Pin To Net: NetName=ESP_RST Pin=C15-1
Added Pin To Net: NetName=ESP_RST Pin=R4-1
Added Pin To Net: NetName=ESP_RST Pin=U1-3
Added Net: Name=ESP_RST
Added Pin To Net: NetName=ESP_RX Pin=H1-2
Added Pin To Net: NetName=ESP_RX Pin=U1-36
Added Net: Name=ESP_RX
Added Pin To Net: NetName=ESP_TX Pin=H1-3
Added Pin To Net: NetName=ESP_TX Pin=U1-37
Added Net: Name=ESP_TX
Added Pin To Net: NetName=GND Pin=AMS1-1
Added Pin To Net: NetName=GND Pin=BT1-2
Added Pin To Net: NetName=GND Pin=BT2-2
Added Pin To Net: NetName=GND Pin=BT3-2
Added Pin To Net: NetName=GND Pin=BT4-1
Added Pin To Net: NetName=GND Pin=C1-2
Added Pin To Net: NetName=GND Pin=C2-1
Added Pin To Net: NetName=GND Pin=C3-2
Added Pin To Net: NetName=GND Pin=C4-2
Added Pin To Net: NetName=GND Pin=C5-2
Added Pin To Net: NetName=GND Pin=C6-2
Added Pin To Net: NetName=GND Pin=C7-2
Added Pin To Net: NetName=GND Pin=C8-2
Added Pin To Net: NetName=GND Pin=C9-2
Added Pin To Net: NetName=GND Pin=C10-2
Added Pin To Net: NetName=GND Pin=C11-2
Added Pin To Net: NetName=GND Pin=C12-2
Added Pin To Net: NetName=GND Pin=C13-2
Added Pin To Net: NetName=GND Pin=C14-2
Added Pin To Net: NetName=GND Pin=C15-2
Added Pin To Net: NetName=GND Pin=C16-2
Added Pin To Net: NetName=GND Pin=C17-1
Added Pin To Net: NetName=GND Pin=C18-1
Added Pin To Net: NetName=GND Pin=C19-2
Added Pin To Net: NetName=GND Pin=C20-2
Added Pin To Net: NetName=GND Pin=C21-2
Added Pin To Net: NetName=GND Pin=C22-2
Added Pin To Net: NetName=GND Pin=C23-2
Added Pin To Net: NetName=GND Pin=C24-2
Added Pin To Net: NetName=GND Pin=C25-2
Added Pin To Net: NetName=GND Pin=C26-2
Added Pin To Net: NetName=GND Pin=C27-2
Added Pin To Net: NetName=GND Pin=C28-2
Added Pin To Net: NetName=GND Pin=D1-1
Added Pin To Net: NetName=GND Pin=H1-4
Added Pin To Net: NetName=GND Pin=H3-1
Added Pin To Net: NetName=GND Pin=H5-1
Added Pin To Net: NetName=GND Pin=H6-4
Added Pin To Net: NetName=GND Pin=H7-1
Added Pin To Net: NetName=GND Pin=H8-4
Added Pin To Net: NetName=GND Pin=H9-1
Added Pin To Net: NetName=GND Pin=L3-2
Added Pin To Net: NetName=GND Pin=LCD1-1
Added Pin To Net: NetName=GND Pin=P1-7
Added Pin To Net: NetName=GND Pin=P1-8
Added Pin To Net: NetName=GND Pin=P1-9
Added Pin To Net: NetName=GND Pin=P1-10
Added Pin To Net: NetName=GND Pin=P1-11
Added Pin To Net: NetName=GND Pin=P1-12
Added Pin To Net: NetName=GND Pin=R2-1
Added Pin To Net: NetName=GND Pin=R7-1
Added Pin To Net: NetName=GND Pin=R9-1
Added Pin To Net: NetName=GND Pin=U1-1
Added Pin To Net: NetName=GND Pin=U1-40
Added Pin To Net: NetName=GND Pin=U1-41_1
Added Pin To Net: NetName=GND Pin=U1-41_2
Added Pin To Net: NetName=GND Pin=U1-41_3
Added Pin To Net: NetName=GND Pin=U1-41_4
Added Pin To Net: NetName=GND Pin=U1-41_5
Added Pin To Net: NetName=GND Pin=U1-41_6
Added Pin To Net: NetName=GND Pin=U1-41_7
Added Pin To Net: NetName=GND Pin=U1-41_8
Added Pin To Net: NetName=GND Pin=U1-41_9
Added Pin To Net: NetName=GND Pin=U2-10
Added Pin To Net: NetName=GND Pin=U2-20
Added Pin To Net: NetName=GND Pin=U2-27
Added Pin To Net: NetName=GND Pin=U2-74
Added Pin To Net: NetName=GND Pin=U2-99
Added Net: Name=GND
Added Pin To Net: NetName=I2C3_SCL Pin=LCD1-4
Added Pin To Net: NetName=I2C3_SCL Pin=R3-2
Added Pin To Net: NetName=I2C3_SCL Pin=U2-67
Added Net: Name=I2C3_SCL
Added Pin To Net: NetName=I2C3_SDA Pin=LCD1-3
Added Pin To Net: NetName=I2C3_SDA Pin=R6-1
Added Pin To Net: NetName=I2C3_SDA Pin=U2-66
Added Net: Name=I2C3_SDA
Added Pin To Net: NetName=LED Pin=R10-1
Added Pin To Net: NetName=LED Pin=U2-7
Added Net: Name=LED
Added Pin To Net: NetName=LPWM1 Pin=H4-2
Added Pin To Net: NetName=LPWM1 Pin=U2-42
Added Net: Name=LPWM1
Added Pin To Net: NetName=LPWM2 Pin=H4-4
Added Pin To Net: NetName=LPWM2 Pin=U2-45
Added Net: Name=LPWM2
Added Pin To Net: NetName=NetC12_1 Pin=C12-1
Added Pin To Net: NetName=NetC12_1 Pin=C13-1
Added Pin To Net: NetName=NetC12_1 Pin=E1-1
Added Pin To Net: NetName=NetC12_1 Pin=U2-22
Added Net: Name=NetC12_1
Added Pin To Net: NetName=NetC17_2 Pin=C17-2
Added Pin To Net: NetName=NetC17_2 Pin=U2-12
Added Pin To Net: NetName=NetC17_2 Pin=Y1-2
Added Net: Name=NetC17_2
Added Pin To Net: NetName=NetC18_2 Pin=C18-2
Added Pin To Net: NetName=NetC18_2 Pin=R8-2
Added Pin To Net: NetName=NetC18_2 Pin=Y1-1
Added Net: Name=NetC18_2
Added Pin To Net: NetName=NetC20_1 Pin=C20-1
Added Pin To Net: NetName=NetC20_1 Pin=U2-73
Added Net: Name=NetC20_1
Added Pin To Net: NetName=NetC21_1 Pin=C21-1
Added Pin To Net: NetName=NetC21_1 Pin=U2-49
Added Net: Name=NetC21_1
Added Pin To Net: NetName=NetL1_2 Pin=L1-2
Added Pin To Net: NetName=NetL1_2 Pin=R7-2
Added Net: Name=NetL1_2
Added Pin To Net: NetName=NetL2_2 Pin=L2-2
Added Pin To Net: NetName=NetL2_2 Pin=R10-2
Added Net: Name=NetL2_2
Added Pin To Net: NetName=NetL3_1 Pin=L3-1
Added Pin To Net: NetName=NetL3_1 Pin=R12-1
Added Net: Name=NetL3_1
Added Pin To Net: NetName=NetR2_2 Pin=R2-2
Added Pin To Net: NetName=NetR2_2 Pin=U2-37
Added Net: Name=NetR2_2
Added Pin To Net: NetName=NetR8_1 Pin=R8-1
Added Pin To Net: NetName=NetR8_1 Pin=U2-13
Added Net: Name=NetR8_1
Added Pin To Net: NetName=NetR9_2 Pin=R9-2
Added Pin To Net: NetName=NetR9_2 Pin=U2-94
Added Net: Name=NetR9_2
Added Pin To Net: NetName=PA13/SWDIO Pin=H6-2
Added Pin To Net: NetName=PA13/SWDIO Pin=U2-72
Added Net: Name=PA13/SWDIO
Added Pin To Net: NetName=PA14/SWCLK Pin=H6-3
Added Pin To Net: NetName=PA14/SWCLK Pin=U2-76
Added Net: Name=PA14/SWCLK
Added Pin To Net: NetName=PD10 Pin=BT1-1
Added Pin To Net: NetName=PD10 Pin=C4-1
Added Pin To Net: NetName=PD10 Pin=R1-1
Added Pin To Net: NetName=PD10 Pin=U2-57
Added Net: Name=PD10
Added Pin To Net: NetName=RESET Pin=BT4-2
Added Pin To Net: NetName=RESET Pin=C28-1
Added Pin To Net: NetName=RESET Pin=R11-1
Added Pin To Net: NetName=RESET Pin=U2-14
Added Net: Name=RESET
Added Pin To Net: NetName=RPWM1 Pin=H4-1
Added Pin To Net: NetName=RPWM1 Pin=U2-40
Added Net: Name=RPWM1
Added Pin To Net: NetName=RPWM2 Pin=H4-3
Added Pin To Net: NetName=RPWM2 Pin=U2-44
Added Net: Name=RPWM2
Added Pin To Net: NetName=RXD2 Pin=U1-10
Added Pin To Net: NetName=RXD2 Pin=U2-26
Added Net: Name=RXD2
Added Pin To Net: NetName=TXD2 Pin=U1-11
Added Pin To Net: NetName=TXD2 Pin=U2-25
Added Net: Name=TXD2
Added Pin To Net: NetName=VBUS Pin=AMS1-3
Added Pin To Net: NetName=VBUS Pin=C23-1
Added Pin To Net: NetName=VBUS Pin=C25-1
Added Pin To Net: NetName=VBUS Pin=H5-2
Added Net: Name=VBUS
Added Member To Class: ClassName=Sheet2 Member=Component AMS1 AMS1117-3.3V
Added Member To Class: ClassName=Sheet2 Member=Component BT1 Nut Nhan 2 Chan SMD 3x6x2.5
Added Member To Class: ClassName=Sheet2 Member=Component BT2 Nut Nhan 2 Chan SMD 3x6x2.5
Added Member To Class: ClassName=Sheet2 Member=Component BT3 Nut Nhan 2 Chan SMD 3x6x2.5
Added Member To Class: ClassName=Sheet2 Member=Component BT4 Nut Nhan 2 Chan SMD 3x6x2.5
Added Member To Class: ClassName=Sheet2 Member=Component C1 104
Added Member To Class: ClassName=Sheet2 Member=Component C2 22uf
Added Member To Class: ClassName=Sheet2 Member=Component C3 100uF
Added Member To Class: ClassName=Sheet2 Member=Component C4 104
Added Member To Class: ClassName=Sheet2 Member=Component C5 106
Added Member To Class: ClassName=Sheet2 Member=Component C6 104
Added Member To Class: ClassName=Sheet2 Member=Component C7 104
Added Member To Class: ClassName=Sheet2 Member=Component C8 104
Added Member To Class: ClassName=Sheet2 Member=Component C9 104
Added Member To Class: ClassName=Sheet2 Member=Component C10 104
Added Member To Class: ClassName=Sheet2 Member=Component C11 104
Added Member To Class: ClassName=Sheet2 Member=Component C12 104
Added Member To Class: ClassName=Sheet2 Member=Component C13 106
Added Member To Class: ClassName=Sheet2 Member=Component C14 106
Added Member To Class: ClassName=Sheet2 Member=Component C15 106
Added Member To Class: ClassName=Sheet2 Member=Component C16 104
Added Member To Class: ClassName=Sheet2 Member=Component C17 22pF
Added Member To Class: ClassName=Sheet2 Member=Component C18 22pF
Added Member To Class: ClassName=Sheet2 Member=Component C19 104
Added Member To Class: ClassName=Sheet2 Member=Component C20 225
Added Member To Class: ClassName=Sheet2 Member=Component C21 225
Added Member To Class: ClassName=Sheet2 Member=Component C22 104
Added Member To Class: ClassName=Sheet2 Member=Component C23 47uF
Added Member To Class: ClassName=Sheet2 Member=Component C24 47uF
Added Member To Class: ClassName=Sheet2 Member=Component C25 104
Added Member To Class: ClassName=Sheet2 Member=Component C26 10uF
Added Member To Class: ClassName=Sheet2 Member=Component C27 104
Added Member To Class: ClassName=Sheet2 Member=Component C28 104
Added Member To Class: ClassName=Sheet2 Member=Component D1 BZT52H-C3V3
Added Member To Class: ClassName=Sheet2 Member=Component E1 LI0805H121R-10
Added Member To Class: ClassName=Sheet2 Member=Component H1 LOADER ESSP32
Added Member To Class: ClassName=Sheet2 Member=Component H2 ENABLE DRIVER
Added Member To Class: ClassName=Sheet2 Member=Component H3 3.3V
Added Member To Class: ClassName=Sheet2 Member=Component H4 PWM -> BTS7960
Added Member To Class: ClassName=Sheet2 Member=Component H5 5V
Added Member To Class: ClassName=Sheet2 Member=Component H6 Header 4P 2.54 Duc Thang
Added Member To Class: ClassName=Sheet2 Member=Component H7 ENCODER2
Added Member To Class: ClassName=Sheet2 Member=Component H8 UART3
Added Member To Class: ClassName=Sheet2 Member=Component H9 ENCODER1
Added Member To Class: ClassName=Sheet2 Member=Component L1 LED 1206
Added Member To Class: ClassName=Sheet2 Member=Component L2 LED 1206
Added Member To Class: ClassName=Sheet2 Member=Component L3 LED 1206
Added Member To Class: ClassName=Sheet2 Member=Component LCD1 LCD 1602
Added Member To Class: ClassName=Sheet2 Member=Component P1 Header 6X2
Added Member To Class: ClassName=Sheet2 Member=Component R1 10k/0805
Added Member To Class: ClassName=Sheet2 Member=Component R2 10k
Added Member To Class: ClassName=Sheet2 Member=Component R3 10k
Added Member To Class: ClassName=Sheet2 Member=Component R4 10k
Added Member To Class: ClassName=Sheet2 Member=Component R5 10k
Added Member To Class: ClassName=Sheet2 Member=Component R6 10k
Added Member To Class: ClassName=Sheet2 Member=Component R7 10k
Added Member To Class: ClassName=Sheet2 Member=Component R8 220R
Added Member To Class: ClassName=Sheet2 Member=Component R9 10k
Added Member To Class: ClassName=Sheet2 Member=Component R10 1k
Added Member To Class: ClassName=Sheet2 Member=Component R11 10k
Added Member To Class: ClassName=Sheet2 Member=Component R12 10k
Added Member To Class: ClassName=Sheet2 Member=Component U1 ESP32-S3-WROOM-1-N4
Added Member To Class: ClassName=Sheet2 Member=Component U2 STM32F407VET6
Added Member To Class: ClassName=Sheet2 Member=Component Y1 16Mhz
Added Rule: Name=Schematic Supply Nets
Added Rule: Name=Schematic Supply Nets_1
Added Rule: Name=Schematic Supply Nets_2
