Removed Pin From Net: NetName=GND Pin=C19-1
Removed Pin From Net: NetName=GND Pin=C20-1
Removed Member From Class: ClassName=Sheet3 Member=Y1
Change Component Comment : Designator=R19 Old Comment=220R New Comment=0R
Change component parameters: Designator = "R19" ("R19"); Footprint = "tro smd 0805"; UniqueID = "\BXYCQVSW" ("\BXYCQVSW")
Change component parameters (AddParameter): Name = "Chung_Loai"; Value = "Dán"; VariantName = "[No Variations]"
Change component parameters (AddParameter): Name = "Don_Vi"; Value = "Con"; VariantName = "[No Variations]"
Change component parameters (AddParameter): Name = "Kieu_Chan"; Value = ""; VariantName = "[No Variations]"
Change component parameters (AddParameter): Name = "Ma_Hang"; Value = "MH005230"; VariantName = "[No Variations]"
Change component parameters (AddParameter): Name = "So_Chan"; Value = "2"; VariantName = "[No Variations]"
Change component parameters (AddParameter): Name = "Ten_Linh_Kien"; Value = "Tr? 0805 5% 0R"; VariantName = "[No Variations]"
Added Component: Designator=X1(XTAL_3225)
Add component (AddParameter): Name = "LCSC"; Value = ""; VariantName = "[No Variations]"
Add component (AddParameter): Name = "Manufacturer"; Value = "Epson"; VariantName = "[No Variations]"
Add component (AddParameter): Name = "Manufacturer Part Number"; Value = "TSX-3225 24.0000MF15X-AC"; VariantName = "[No Variations]"
Added Pin To Net: NetName=GND Pin=C19-2
Added Pin To Net: NetName=GND Pin=C20-2
Added Pin To Net: NetName=GND Pin=X1-2
Added Pin To Net: NetName=GND Pin=X1-4
Added Pin To Net: NetName=NetC19_1 Pin=C19-1
Added Pin To Net: NetName=NetC19_1 Pin=R19-2
Added Pin To Net: NetName=NetC19_1 Pin=X1-1
Added Net: Name=NetC19_1
Added Pin To Net: NetName=NetC20_1 Pin=C20-1
Added Pin To Net: NetName=NetC20_1 Pin=U2-12
Added Pin To Net: NetName=NetC20_1 Pin=X1-3
Added Net: Name=NetC20_1
Added Member To Class: ClassName=Sheet3 Member=Component BT1 Nut Nhan 2 Chan SMD 3x6x2.5
Added Member To Class: ClassName=Sheet3 Member=Component BT3 Nut Nhan 2 Chan SMD 3x6x2.5
Added Member To Class: ClassName=Sheet3 Member=Component C1 104
Added Member To Class: ClassName=Sheet3 Member=Component C2 22uf
Added Member To Class: ClassName=Sheet3 Member=Component C3 105
Added Member To Class: ClassName=Sheet3 Member=Component C4 105
Added Member To Class: ClassName=Sheet3 Member=Component C6 106
Added Member To Class: ClassName=Sheet3 Member=Component C7 104
Added Member To Class: ClassName=Sheet3 Member=Component C8 104
Added Member To Class: ClassName=Sheet3 Member=Component C11 104
Added Member To Class: ClassName=Sheet3 Member=Component C12 104
Added Member To Class: ClassName=Sheet3 Member=Component C13 100uF
Added Member To Class: ClassName=Sheet3 Member=Component C20 22pF
Added Member To Class: ClassName=Sheet3 Member=Component C21 100uF
Added Member To Class: ClassName=Sheet3 Member=Component H2 HEADER MOTOR1
Added Member To Class: ClassName=Sheet3 Member=Component H7 HEADER MOTOR2
Added Member To Class: ClassName=Sheet3 Member=Component H8 Header 2P 2.54 Duc Cong
Added Member To Class: ClassName=Sheet3 Member=Component R1 10k
Added Member To Class: ClassName=Sheet3 Member=Component R2 10k
Added Member To Class: ClassName=Sheet3 Member=Component R3 10k
Added Member To Class: ClassName=Sheet3 Member=Component R4 10k
Added Member To Class: ClassName=Sheet3 Member=Component R5 10k
Added Member To Class: ClassName=Sheet3 Member=Component R7 10k
Added Member To Class: ClassName=Sheet3 Member=Component R9 10k
Added Member To Class: ClassName=Sheet3 Member=Component R10 10k
Added Member To Class: ClassName=Sheet3 Member=Component R11 10k
Added Member To Class: ClassName=Sheet3 Member=Component R14 10k
Added Member To Class: ClassName=Sheet3 Member=Component R15 10k
Added Member To Class: ClassName=Sheet3 Member=Component R17 10k
Added Member To Class: ClassName=Sheet3 Member=Component R18 10k
Added Member To Class: ClassName=Sheet3 Member=Component R19 0R
Added Member To Class: ClassName=Sheet3 Member=Component R21 10k
Added Member To Class: ClassName=Sheet3 Member=Component R23 1k
Added Member To Class: ClassName=Sheet3 Member=Component R26 10k
Added Member To Class: ClassName=Sheet3 Member=Component R27 10k
Added Member To Class: ClassName=Sheet3 Member=Component R28 10k
Added Member To Class: ClassName=Sheet3 Member=Component R30 1k
Added Member To Class: ClassName=Sheet3 Member=Component R33 10k
Added Member To Class: ClassName=Sheet3 Member=Component R34 10k
Added Member To Class: ClassName=Sheet3 Member=Component U1 ESP32-S3-WROOM-1-N4
Added Member To Class: ClassName=Sheet3 Member=Component U2 STM32F407VET6
Added Member To Class: ClassName=Sheet3 Member=Component U3 BTS7960B
Added Member To Class: ClassName=Sheet3 Member=Component U5 BTS7960B
Added Member To Class: ClassName=Sheet3 Member=Component X1 24MHz
