Removed Pin From Net: NetName=GND Pin=H3-1
Removed Pin From Net: NetName=3.3V Pin=H3-2
Removed Pin From Net: NetName=RPWM1 Pin=H4-1
Removed Pin From Net: NetName=LPWM1 Pin=H4-2
Removed Pin From Net: NetName=RPWM2 Pin=H4-3
Removed Pin From Net: NetName=LPWM2 Pin=H4-4
Removed Pin From Net: NetName=GND Pin=H5-1
Removed Pin From Net: NetName=GND Pin=H7-1
Removed Pin From Net: NetName=ENCODER2_A Pin=H7-2
Removed Pin From Net: NetName=ENCODER2_B Pin=H7-3
Removed Pin From Net: NetName=3.3V Pin=H7-4
Removed Pin From Net: NetName=GND Pin=H9-1
Removed Pin From Net: NetName=ENCODER1_A Pin=H9-2
Removed Pin From Net: NetName=ENCODER1_B Pin=H9-3
Removed Pin From Net: NetName=3.3V Pin=H9-4
Removed Pin From Net: NetName=3.3V Pin=R3-1
Removed Pin From Net: NetName=3.3V Pin=R6-2
Removed Pin From Net: NetName=ENCODER2_A Pin=U2-23
Removed Pin From Net: NetName=ENCODER2_B Pin=U2-24
Removed Pin From Net: NetName=ENCODER1_A Pin=U2-31
Removed Pin From Net: NetName=ENCODER1_B Pin=U2-32
Removed Pin From Net: NetName=RPWM1 Pin=U2-40
Removed Pin From Net: NetName=LPWM1 Pin=U2-42
Removed Pin From Net: NetName=RPWM2 Pin=U2-44
Removed Pin From Net: NetName=LPWM2 Pin=U2-45
Removed Pin From Net: NetName=PD10 Pin=U2-57
Removed Member From Class: ClassName=Sheet3 Member=H9
Removed Member From Class: ClassName=Sheet3 Member=XT2
Removed Member From Class: ClassName=Sheet3 Member=XT3
Change Component Footprint: Designator=H3 Old Footprint=XH2.54M-2 New Footprint=Header 2P DC 2.54
Change Component Footprint: Designator=H5 Old Footprint=XH2.54M-2 New Footprint=XH2.54M-6
Change Component Footprint: Designator=H2 Old Footprint=XH2.54M-4 New Footprint=Header 2P DC 2.54
Change Component Footprint: Designator=H4 Old Footprint=XH2.54M-4 New Footprint=XH2.54M-6
Change Component Comment : Designator=H3 Old Comment=3.3V New Comment=Header 2P 2.54 Duc Cong
Change Component Comment : Designator=H5 Old Comment=5V New Comment=HEADER MOTOR2
Change Component Comment : Designator=H2 Old Comment=ENABLE DRIVER New Comment=Header 2P 2.54 Duc Cong
Change Component Comment : Designator=H4 Old Comment=PWM -> BTS7960 New Comment=HEADER MOTOR1
Change Component Designator: OldDesignator=C1 NewDesignator=C3
Change Component Designator: OldDesignator=C2 NewDesignator=C4
Change Component Designator: OldDesignator=C3 NewDesignator=C7
Change Component Designator: OldDesignator=C4 NewDesignator=C8
Change Component Designator: OldDesignator=C5 NewDesignator=C9
Change Component Designator: OldDesignator=C6 NewDesignator=C10
Change Component Designator: OldDesignator=C7 NewDesignator=C11
Change Component Designator: OldDesignator=C8 NewDesignator=C12
Change Component Designator: OldDesignator=C9 NewDesignator=C13
Change Component Designator: OldDesignator=C10 NewDesignator=C14
Change Component Designator: OldDesignator=C11 NewDesignator=C15
Change Component Designator: OldDesignator=C12 NewDesignator=C16
Change Component Designator: OldDesignator=C13 NewDesignator=C17
Change Component Designator: OldDesignator=C14 NewDesignator=C18
Change Component Designator: OldDesignator=C15 NewDesignator=C19
Change Component Designator: OldDesignator=C16 NewDesignator=C20
Change Component Designator: OldDesignator=C17 NewDesignator=C21
Change Component Designator: OldDesignator=C18 NewDesignator=C22
Change Component Designator: OldDesignator=C19 NewDesignator=C24
Change Component Designator: OldDesignator=C20 NewDesignator=C25
Change Component Designator: OldDesignator=C21 NewDesignator=C26
Change Component Designator: OldDesignator=C22 NewDesignator=C27
Change Component Designator: OldDesignator=C23 NewDesignator=C28
Change Component Designator: OldDesignator=H8 NewDesignator=H7
Change Component Designator: OldDesignator=L1 NewDesignator=L3
Change Component Designator: OldDesignator=L2 NewDesignator=L5
Change Component Designator: OldDesignator=R1 NewDesignator=R7
Change Component Designator: OldDesignator=R2 NewDesignator=R8
Change Component Designator: OldDesignator=R4 NewDesignator=R17
Change Component Designator: OldDesignator=R5 NewDesignator=R18
Change Component Designator: OldDesignator=R7 NewDesignator=R19
Change Component Designator: OldDesignator=R8 NewDesignator=R20
Change Component Designator: OldDesignator=R9 NewDesignator=R21
Change Component Designator: OldDesignator=R10 NewDesignator=R29
Change Component Designator: OldDesignator=R11 NewDesignator=R33
Change Component Designator: OldDesignator=U1 NewDesignator=U3
Change Component Designator: OldDesignator=U2 NewDesignator=U4
Change component parameters: Designator = "H2" ("H2"); Footprint = "XH2.54M-4"; UniqueID = "\KIJSOSQG" ("\KIJSOSQG")
Change component parameters (AddParameter): Name = "Chung_Loai"; Value = "C?m"; VariantName = "[No Variations]"
Change component parameters (AddParameter): Name = "Don_Vi"; Value = "Con"; VariantName = "[No Variations]"
Change component parameters (AddParameter): Name = "Ghi_Chu"; Value = ""; VariantName = "[No Variations]"
Change component parameters (AddParameter): Name = "Kieu_Chan"; Value = ""; VariantName = "[No Variations]"
Change component parameters (AddParameter): Name = "Ma_Hang"; Value = "MH002852"; VariantName = "[No Variations]"
Change component parameters (AddParameter): Name = "Ten_Linh_Kien"; Value = "Header 2P XH2.54-2P Ð?c Cong"; VariantName = "[No Variations]"
Change component parameters: Designator = "H3" ("H3"); Footprint = "XH2.54M-2"; UniqueID = "\COZYJRKB" ("\COZYJRKB")
Change component parameters (AddParameter): Name = "Chung_Loai"; Value = "C?m"; VariantName = "[No Variations]"
Change component parameters (AddParameter): Name = "Don_Vi"; Value = "Con"; VariantName = "[No Variations]"
Change component parameters (AddParameter): Name = "Ghi_Chu"; Value = ""; VariantName = "[No Variations]"
Change component parameters (AddParameter): Name = "Kieu_Chan"; Value = ""; VariantName = "[No Variations]"
Change component parameters (AddParameter): Name = "Ma_Hang"; Value = "MH002852"; VariantName = "[No Variations]"
Change component parameters (AddParameter): Name = "Ten_Linh_Kien"; Value = "Header 2P XH2.54-2P Ð?c Cong"; VariantName = "[No Variations]"
Change component parameters: Designator = "H4" ("H4"); Footprint = "XH2.54M-4"; UniqueID = "\VZFXWUGD" ("\VZFXWUGD")
Change component parameters (AddParameter): Name = "Chung_Loai"; Value = "C?m"; VariantName = "[No Variations]"
Change component parameters (AddParameter): Name = "Don_Vi"; Value = "Con"; VariantName = "[No Variations]"
Change component parameters (AddParameter): Name = "Ghi_Chu"; Value = ""; VariantName = "[No Variations]"
Change component parameters (AddParameter): Name = "Kieu_Chan"; Value = ""; VariantName = "[No Variations]"
Change component parameters (AddParameter): Name = "Ma_Hang"; Value = "MH001972"; VariantName = "[No Variations]"
Change component parameters (AddParameter): Name = "Ten_Linh_Kien"; Value = "Header 6P XH2.54-6P Ð?c Th?ng"; VariantName = "[No Variations]"
Change component parameters: Designator = "H5" ("H5"); Footprint = "XH2.54M-2"; UniqueID = "\DYGBRWXQ" ("\DYGBRWXQ")
Change component parameters (AddParameter): Name = "Chung_Loai"; Value = "C?m"; VariantName = "[No Variations]"
Change component parameters (AddParameter): Name = "Don_Vi"; Value = "Con"; VariantName = "[No Variations]"
Change component parameters (AddParameter): Name = "Ghi_Chu"; Value = ""; VariantName = "[No Variations]"
Change component parameters (AddParameter): Name = "Kieu_Chan"; Value = ""; VariantName = "[No Variations]"
Change component parameters (AddParameter): Name = "Ma_Hang"; Value = "MH001972"; VariantName = "[No Variations]"
Change component parameters (AddParameter): Name = "Ten_Linh_Kien"; Value = "Header 6P XH2.54-6P Ð?c Th?ng"; VariantName = "[No Variations]"
Added Component: Designator=C1(tu hoa 8mm)
Add component (AddParameter): Name = "Chung_Loai"; Value = "C?m"; VariantName = "[No Variations]"
Add component (AddParameter): Name = "Don_Vi"; Value = "Con"; VariantName = "[No Variations]"
Add component (AddParameter): Name = "Kieu_Chan"; Value = ""; VariantName = "[No Variations]"
Add component (AddParameter): Name = "Ma_Hang"; Value = "MH002807"; VariantName = "[No Variations]"
Add component (AddParameter): Name = "So_Chan"; Value = "2"; VariantName = "[No Variations]"
Add component (AddParameter): Name = "Ten_Linh_Kien"; Value = "T? Hóa 100uF 35V 8x11MM"; VariantName = "[No Variations]"
Added Component: Designator=C2(tu hoa 8mm)
Add component (AddParameter): Name = "Chung_Loai"; Value = "C?m"; VariantName = "[No Variations]"
Add component (AddParameter): Name = "Don_Vi"; Value = "Con"; VariantName = "[No Variations]"
Add component (AddParameter): Name = "Kieu_Chan"; Value = ""; VariantName = "[No Variations]"
Add component (AddParameter): Name = "Ma_Hang"; Value = "MH002807"; VariantName = "[No Variations]"
Add component (AddParameter): Name = "So_Chan"; Value = "2"; VariantName = "[No Variations]"
Add component (AddParameter): Name = "Ten_Linh_Kien"; Value = "T? Hóa 100uF 35V 8x11MM"; VariantName = "[No Variations]"
Added Component: Designator=C5(tu 0805)
Add component (AddParameter): Name = "Chung_Loai"; Value = "Dán"; VariantName = "[No Variations]"
Add component (AddParameter): Name = "Don_Vi"; Value = "Con"; VariantName = "[No Variations]"
Add component (AddParameter): Name = "Kieu_Chan"; Value = ""; VariantName = "[No Variations]"
Add component (AddParameter): Name = "Ma_Hang"; Value = "MH004552"; VariantName = "[No Variations]"
Add component (AddParameter): Name = "So_Chan"; Value = "2"; VariantName = "[No Variations]"
Add component (AddParameter): Name = "Ten_Linh_Kien"; Value = "T? 0805 105-1uF 10% 50V"; VariantName = "[No Variations]"
Added Component: Designator=C6(tu 0805)
Add component (AddParameter): Name = "Chung_Loai"; Value = "Dán"; VariantName = "[No Variations]"
Add component (AddParameter): Name = "Don_Vi"; Value = "Con"; VariantName = "[No Variations]"
Add component (AddParameter): Name = "Kieu_Chan"; Value = ""; VariantName = "[No Variations]"
Add component (AddParameter): Name = "Ma_Hang"; Value = "MH004552"; VariantName = "[No Variations]"
Add component (AddParameter): Name = "So_Chan"; Value = "2"; VariantName = "[No Variations]"
Add component (AddParameter): Name = "Ten_Linh_Kien"; Value = "T? 0805 105-1uF 10% 50V"; VariantName = "[No Variations]"
Added Component: Designator=C23(tu hoa 8mm)
Add component (AddParameter): Name = "Chung_Loai"; Value = "C?m"; VariantName = "[No Variations]"
Add component (AddParameter): Name = "Don_Vi"; Value = "Con"; VariantName = "[No Variations]"
Add component (AddParameter): Name = "Kieu_Chan"; Value = ""; VariantName = "[No Variations]"
Add component (AddParameter): Name = "Ma_Hang"; Value = "MH002807"; VariantName = "[No Variations]"
Add component (AddParameter): Name = "So_Chan"; Value = "2"; VariantName = "[No Variations]"
Add component (AddParameter): Name = "Ten_Linh_Kien"; Value = "T? Hóa 100uF 35V 8x11MM"; VariantName = "[No Variations]"
Added Component: Designator=H8(Header 2P DC 2.54)
Add component (AddParameter): Name = "Chung_Loai"; Value = "C?m"; VariantName = "[No Variations]"
Add component (AddParameter): Name = "Don_Vi"; Value = "Con"; VariantName = "[No Variations]"
Add component (AddParameter): Name = "Ghi_Chu"; Value = ""; VariantName = "[No Variations]"
Add component (AddParameter): Name = "Kieu_Chan"; Value = ""; VariantName = "[No Variations]"
Add component (AddParameter): Name = "Ma_Hang"; Value = "MH002852"; VariantName = "[No Variations]"
Add component (AddParameter): Name = "Ten_Linh_Kien"; Value = "Header 2P XH2.54-2P Ð?c Cong"; VariantName = "[No Variations]"
Added Component: Designator=L1(LED-1206-Blue)
Add component (AddParameter): Name = "Chung_Loai"; Value = "Dán"; VariantName = "[No Variations]"
Add component (AddParameter): Name = "Don_Vi"; Value = "Con"; VariantName = "[No Variations]"
Add component (AddParameter): Name = "Ghi_Chu"; Value = ""; VariantName = "[No Variations]"
Add component (AddParameter): Name = "Kieu_Chan"; Value = ""; VariantName = "[No Variations]"
Add component (AddParameter): Name = "Ma_Hang"; Value = "MH002333"; VariantName = "[No Variations]"
Add component (AddParameter): Name = "Ten_Linh_Kien"; Value = "LED1206 Màu Xanh Duong (Blue)"; VariantName = "[No Variations]"
Added Component: Designator=L2(LED-1206-Blue)
Add component (AddParameter): Name = "Chung_Loai"; Value = "Dán"; VariantName = "[No Variations]"
Add component (AddParameter): Name = "Don_Vi"; Value = "Con"; VariantName = "[No Variations]"
Add component (AddParameter): Name = "Ghi_Chu"; Value = ""; VariantName = "[No Variations]"
Add component (AddParameter): Name = "Kieu_Chan"; Value = ""; VariantName = "[No Variations]"
Add component (AddParameter): Name = "Ma_Hang"; Value = "MH002333"; VariantName = "[No Variations]"
Add component (AddParameter): Name = "Ten_Linh_Kien"; Value = "LED1206 Màu Xanh Duong (Blue)"; VariantName = "[No Variations]"
Added Component: Designator=L4(LED-1206-Blue)
Add component (AddParameter): Name = "Chung_Loai"; Value = "Dán"; VariantName = "[No Variations]"
Add component (AddParameter): Name = "Don_Vi"; Value = "Con"; VariantName = "[No Variations]"
Add component (AddParameter): Name = "Ghi_Chu"; Value = ""; VariantName = "[No Variations]"
Add component (AddParameter): Name = "Kieu_Chan"; Value = ""; VariantName = "[No Variations]"
Add component (AddParameter): Name = "Ma_Hang"; Value = "MH002333"; VariantName = "[No Variations]"
Add component (AddParameter): Name = "Ten_Linh_Kien"; Value = "LED1206 Màu Xanh Duong (Blue)"; VariantName = "[No Variations]"
Added Component: Designator=L6(LED-1206-Blue)
Add component (AddParameter): Name = "Chung_Loai"; Value = "Dán"; VariantName = "[No Variations]"
Add component (AddParameter): Name = "Don_Vi"; Value = "Con"; VariantName = "[No Variations]"
Add component (AddParameter): Name = "Ghi_Chu"; Value = ""; VariantName = "[No Variations]"
Add component (AddParameter): Name = "Kieu_Chan"; Value = ""; VariantName = "[No Variations]"
Add component (AddParameter): Name = "Ma_Hang"; Value = "MH002333"; VariantName = "[No Variations]"
Add component (AddParameter): Name = "Ten_Linh_Kien"; Value = "LED1206 Màu Xanh Duong (Blue)"; VariantName = "[No Variations]"
Added Component: Designator=R1(tro smd 0805)
Add component (AddParameter): Name = "Chung_Loai"; Value = "Dán"; VariantName = "[No Variations]"
Add component (AddParameter): Name = "Don_Vi"; Value = "Con"; VariantName = "[No Variations]"
Add component (AddParameter): Name = "Kieu_Chan"; Value = ""; VariantName = "[No Variations]"
Add component (AddParameter): Name = "Ma_Hang"; Value = "MH005473"; VariantName = "[No Variations]"
Add component (AddParameter): Name = "So_Chan"; Value = "2"; VariantName = "[No Variations]"
Add component (AddParameter): Name = "Ten_Linh_Kien"; Value = "Tr? 0805 1% 10k"; VariantName = "[No Variations]"
Added Component: Designator=R2(tro smd 0805)
Add component (AddParameter): Name = "Chung_Loai"; Value = "Dán"; VariantName = "[No Variations]"
Add component (AddParameter): Name = "Don_Vi"; Value = "Con"; VariantName = "[No Variations]"
Add component (AddParameter): Name = "Kieu_Chan"; Value = ""; VariantName = "[No Variations]"
Add component (AddParameter): Name = "Ma_Hang"; Value = "MH005473"; VariantName = "[No Variations]"
Add component (AddParameter): Name = "So_Chan"; Value = "2"; VariantName = "[No Variations]"
Add component (AddParameter): Name = "Ten_Linh_Kien"; Value = "Tr? 0805 1% 10k"; VariantName = "[No Variations]"
Added Component: Designator=R4(tro smd 0805)
Add component (AddParameter): Name = "Chung_Loai"; Value = "Dán"; VariantName = "[No Variations]"
Add component (AddParameter): Name = "Don_Vi"; Value = "Con"; VariantName = "[No Variations]"
Add component (AddParameter): Name = "Kieu_Chan"; Value = ""; VariantName = "[No Variations]"
Add component (AddParameter): Name = "Ma_Hang"; Value = "MH005473"; VariantName = "[No Variations]"
Add component (AddParameter): Name = "So_Chan"; Value = "2"; VariantName = "[No Variations]"
Add component (AddParameter): Name = "Ten_Linh_Kien"; Value = "Tr? 0805 1% 10k"; VariantName = "[No Variations]"
Added Component: Designator=R5(tro smd 0805)
Add component (AddParameter): Name = "Chung_Loai"; Value = "Dán"; VariantName = "[No Variations]"
Add component (AddParameter): Name = "Don_Vi"; Value = "Con"; VariantName = "[No Variations]"
Add component (AddParameter): Name = "Kieu_Chan"; Value = ""; VariantName = "[No Variations]"
Add component (AddParameter): Name = "Ma_Hang"; Value = "MH005473"; VariantName = "[No Variations]"
Add component (AddParameter): Name = "So_Chan"; Value = "2"; VariantName = "[No Variations]"
Add component (AddParameter): Name = "Ten_Linh_Kien"; Value = "Tr? 0805 1% 10k"; VariantName = "[No Variations]"
Added Component: Designator=R9(tro smd 0805)
Add component (AddParameter): Name = "Chung_Loai"; Value = "Dán"; VariantName = "[No Variations]"
Add component (AddParameter): Name = "Don_Vi"; Value = "Con"; VariantName = "[No Variations]"
Add component (AddParameter): Name = "Kieu_Chan"; Value = ""; VariantName = "[No Variations]"
Add component (AddParameter): Name = "Ma_Hang"; Value = "MH005473"; VariantName = "[No Variations]"
Add component (AddParameter): Name = "So_Chan"; Value = "2"; VariantName = "[No Variations]"
Add component (AddParameter): Name = "Ten_Linh_Kien"; Value = "Tr? 0805 1% 10k"; VariantName = "[No Variations]"
Added Component: Designator=R10(tro smd 0805)
Add component (AddParameter): Name = "Chung_Loai"; Value = "Dán"; VariantName = "[No Variations]"
Add component (AddParameter): Name = "Don_Vi"; Value = "Con"; VariantName = "[No Variations]"
Add component (AddParameter): Name = "Kieu_Chan"; Value = ""; VariantName = "[No Variations]"
Add component (AddParameter): Name = "Ma_Hang"; Value = "MH005473"; VariantName = "[No Variations]"
Add component (AddParameter): Name = "So_Chan"; Value = "2"; VariantName = "[No Variations]"
Add component (AddParameter): Name = "Ten_Linh_Kien"; Value = "Tr? 0805 1% 10k"; VariantName = "[No Variations]"
Added Component: Designator=R11(tro smd 0805)
Add component (AddParameter): Name = "Chung_Loai"; Value = "Dán"; VariantName = "[No Variations]"
Add component (AddParameter): Name = "Don_Vi"; Value = "Con"; VariantName = "[No Variations]"
Add component (AddParameter): Name = "Kieu_Chan"; Value = ""; VariantName = "[No Variations]"
Add component (AddParameter): Name = "Ma_Hang"; Value = "MH005473"; VariantName = "[No Variations]"
Add component (AddParameter): Name = "So_Chan"; Value = "2"; VariantName = "[No Variations]"
Add component (AddParameter): Name = "Ten_Linh_Kien"; Value = "Tr? 0805 1% 10k"; VariantName = "[No Variations]"
Added Component: Designator=R12(tro smd 0805)
Add component (AddParameter): Name = "Chung_Loai"; Value = "Dán"; VariantName = "[No Variations]"
Add component (AddParameter): Name = "Don_Vi"; Value = "Con"; VariantName = "[No Variations]"
Add component (AddParameter): Name = "Kieu_Chan"; Value = ""; VariantName = "[No Variations]"
Add component (AddParameter): Name = "Ma_Hang"; Value = "MH005473"; VariantName = "[No Variations]"
Add component (AddParameter): Name = "So_Chan"; Value = "2"; VariantName = "[No Variations]"
Add component (AddParameter): Name = "Ten_Linh_Kien"; Value = "Tr? 0805 1% 10k"; VariantName = "[No Variations]"
Added Component: Designator=R13(tro smd 0805)
Add component (AddParameter): Name = "Chung_Loai"; Value = "Dán"; VariantName = "[No Variations]"
Add component (AddParameter): Name = "Don_Vi"; Value = "Con"; VariantName = "[No Variations]"
Add component (AddParameter): Name = "Kieu_Chan"; Value = ""; VariantName = "[No Variations]"
Add component (AddParameter): Name = "Ma_Hang"; Value = "MH005473"; VariantName = "[No Variations]"
Add component (AddParameter): Name = "So_Chan"; Value = "2"; VariantName = "[No Variations]"
Add component (AddParameter): Name = "Ten_Linh_Kien"; Value = "Tr? 0805 1% 10k"; VariantName = "[No Variations]"
Added Component: Designator=R14(tro smd 0805)
Add component (AddParameter): Name = "Chung_Loai"; Value = "Dán"; VariantName = "[No Variations]"
Add component (AddParameter): Name = "Don_Vi"; Value = "Con"; VariantName = "[No Variations]"
Add component (AddParameter): Name = "Kieu_Chan"; Value = ""; VariantName = "[No Variations]"
Add component (AddParameter): Name = "Ma_Hang"; Value = "MH005468"; VariantName = "[No Variations]"
Add component (AddParameter): Name = "So_Chan"; Value = "2"; VariantName = "[No Variations]"
Add component (AddParameter): Name = "Ten_Linh_Kien"; Value = "Tr? 0805 1% 1k"; VariantName = "[No Variations]"
Added Component: Designator=R15(tro smd 0805)
Add component (AddParameter): Name = "Chung_Loai"; Value = "Dán"; VariantName = "[No Variations]"
Add component (AddParameter): Name = "Don_Vi"; Value = "Con"; VariantName = "[No Variations]"
Add component (AddParameter): Name = "Kieu_Chan"; Value = ""; VariantName = "[No Variations]"
Add component (AddParameter): Name = "Ma_Hang"; Value = "MH005473"; VariantName = "[No Variations]"
Add component (AddParameter): Name = "So_Chan"; Value = "2"; VariantName = "[No Variations]"
Add component (AddParameter): Name = "Ten_Linh_Kien"; Value = "Tr? 0805 1% 10k"; VariantName = "[No Variations]"
Added Component: Designator=R16(tro smd 0805)
Add component (AddParameter): Name = "Chung_Loai"; Value = "Dán"; VariantName = "[No Variations]"
Add component (AddParameter): Name = "Don_Vi"; Value = "Con"; VariantName = "[No Variations]"
Add component (AddParameter): Name = "Kieu_Chan"; Value = ""; VariantName = "[No Variations]"
Add component (AddParameter): Name = "Ma_Hang"; Value = "MH005468"; VariantName = "[No Variations]"
Add component (AddParameter): Name = "So_Chan"; Value = "2"; VariantName = "[No Variations]"
Add component (AddParameter): Name = "Ten_Linh_Kien"; Value = "Tr? 0805 1% 1k"; VariantName = "[No Variations]"
Added Component: Designator=R22(tro smd 0805)
Add component (AddParameter): Name = "Chung_Loai"; Value = "Dán"; VariantName = "[No Variations]"
Add component (AddParameter): Name = "Don_Vi"; Value = "Con"; VariantName = "[No Variations]"
Add component (AddParameter): Name = "Kieu_Chan"; Value = ""; VariantName = "[No Variations]"
Add component (AddParameter): Name = "Ma_Hang"; Value = "MH005473"; VariantName = "[No Variations]"
Add component (AddParameter): Name = "So_Chan"; Value = "2"; VariantName = "[No Variations]"
Add component (AddParameter): Name = "Ten_Linh_Kien"; Value = "Tr? 0805 1% 10k"; VariantName = "[No Variations]"
Added Component: Designator=R23(tro smd 0805)
Add component (AddParameter): Name = "Chung_Loai"; Value = "Dán"; VariantName = "[No Variations]"
Add component (AddParameter): Name = "Don_Vi"; Value = "Con"; VariantName = "[No Variations]"
Add component (AddParameter): Name = "Kieu_Chan"; Value = ""; VariantName = "[No Variations]"
Add component (AddParameter): Name = "Ma_Hang"; Value = "MH005468"; VariantName = "[No Variations]"
Add component (AddParameter): Name = "So_Chan"; Value = "2"; VariantName = "[No Variations]"
Add component (AddParameter): Name = "Ten_Linh_Kien"; Value = "Tr? 0805 1% 1k"; VariantName = "[No Variations]"
Added Component: Designator=R24(tro smd 0805)
Add component (AddParameter): Name = "Chung_Loai"; Value = "Dán"; VariantName = "[No Variations]"
Add component (AddParameter): Name = "Don_Vi"; Value = "Con"; VariantName = "[No Variations]"
Add component (AddParameter): Name = "Kieu_Chan"; Value = ""; VariantName = "[No Variations]"
Add component (AddParameter): Name = "Ma_Hang"; Value = "MH005473"; VariantName = "[No Variations]"
Add component (AddParameter): Name = "So_Chan"; Value = "2"; VariantName = "[No Variations]"
Add component (AddParameter): Name = "Ten_Linh_Kien"; Value = "Tr? 0805 1% 10k"; VariantName = "[No Variations]"
Added Component: Designator=R25(tro smd 0805)
Add component (AddParameter): Name = "Chung_Loai"; Value = "Dán"; VariantName = "[No Variations]"
Add component (AddParameter): Name = "Don_Vi"; Value = "Con"; VariantName = "[No Variations]"
Add component (AddParameter): Name = "Kieu_Chan"; Value = ""; VariantName = "[No Variations]"
Add component (AddParameter): Name = "Ma_Hang"; Value = "MH005473"; VariantName = "[No Variations]"
Add component (AddParameter): Name = "So_Chan"; Value = "2"; VariantName = "[No Variations]"
Add component (AddParameter): Name = "Ten_Linh_Kien"; Value = "Tr? 0805 1% 10k"; VariantName = "[No Variations]"
Added Component: Designator=R26(tro smd 0805)
Add component (AddParameter): Name = "Chung_Loai"; Value = "Dán"; VariantName = "[No Variations]"
Add component (AddParameter): Name = "Don_Vi"; Value = "Con"; VariantName = "[No Variations]"
Add component (AddParameter): Name = "Kieu_Chan"; Value = ""; VariantName = "[No Variations]"
Add component (AddParameter): Name = "Ma_Hang"; Value = "MH005473"; VariantName = "[No Variations]"
Add component (AddParameter): Name = "So_Chan"; Value = "2"; VariantName = "[No Variations]"
Add component (AddParameter): Name = "Ten_Linh_Kien"; Value = "Tr? 0805 1% 10k"; VariantName = "[No Variations]"
Added Component: Designator=R27(tro smd 0805)
Add component (AddParameter): Name = "Chung_Loai"; Value = "Dán"; VariantName = "[No Variations]"
Add component (AddParameter): Name = "Don_Vi"; Value = "Con"; VariantName = "[No Variations]"
Add component (AddParameter): Name = "Kieu_Chan"; Value = ""; VariantName = "[No Variations]"
Add component (AddParameter): Name = "Ma_Hang"; Value = "MH005473"; VariantName = "[No Variations]"
Add component (AddParameter): Name = "So_Chan"; Value = "2"; VariantName = "[No Variations]"
Add component (AddParameter): Name = "Ten_Linh_Kien"; Value = "Tr? 0805 1% 10k"; VariantName = "[No Variations]"
Added Component: Designator=R28(tro smd 0805)
Add component (AddParameter): Name = "Chung_Loai"; Value = "Dán"; VariantName = "[No Variations]"
Add component (AddParameter): Name = "Don_Vi"; Value = "Con"; VariantName = "[No Variations]"
Add component (AddParameter): Name = "Kieu_Chan"; Value = ""; VariantName = "[No Variations]"
Add component (AddParameter): Name = "Ma_Hang"; Value = "MH005468"; VariantName = "[No Variations]"
Add component (AddParameter): Name = "So_Chan"; Value = "2"; VariantName = "[No Variations]"
Add component (AddParameter): Name = "Ten_Linh_Kien"; Value = "Tr? 0805 1% 1k"; VariantName = "[No Variations]"
Added Component: Designator=R30(tro smd 0805)
Add component (AddParameter): Name = "Chung_Loai"; Value = "Dán"; VariantName = "[No Variations]"
Add component (AddParameter): Name = "Don_Vi"; Value = "Con"; VariantName = "[No Variations]"
Add component (AddParameter): Name = "Kieu_Chan"; Value = ""; VariantName = "[No Variations]"
Add component (AddParameter): Name = "Ma_Hang"; Value = "MH005468"; VariantName = "[No Variations]"
Add component (AddParameter): Name = "So_Chan"; Value = "2"; VariantName = "[No Variations]"
Add component (AddParameter): Name = "Ten_Linh_Kien"; Value = "Tr? 0805 1% 1k"; VariantName = "[No Variations]"
Added Component: Designator=R31(tro smd 0805)
Add component (AddParameter): Name = "Chung_Loai"; Value = "Dán"; VariantName = "[No Variations]"
Add component (AddParameter): Name = "Don_Vi"; Value = "Con"; VariantName = "[No Variations]"
Add component (AddParameter): Name = "Kieu_Chan"; Value = ""; VariantName = "[No Variations]"
Add component (AddParameter): Name = "Ma_Hang"; Value = "MH005468"; VariantName = "[No Variations]"
Add component (AddParameter): Name = "So_Chan"; Value = "2"; VariantName = "[No Variations]"
Add component (AddParameter): Name = "Ten_Linh_Kien"; Value = "Tr? 0805 1% 1k"; VariantName = "[No Variations]"
Added Component: Designator=R32(tro smd 0805)
Add component (AddParameter): Name = "Chung_Loai"; Value = "Dán"; VariantName = "[No Variations]"
Add component (AddParameter): Name = "Don_Vi"; Value = "Con"; VariantName = "[No Variations]"
Add component (AddParameter): Name = "Kieu_Chan"; Value = ""; VariantName = "[No Variations]"
Add component (AddParameter): Name = "Ma_Hang"; Value = "MH005473"; VariantName = "[No Variations]"
Add component (AddParameter): Name = "So_Chan"; Value = "2"; VariantName = "[No Variations]"
Add component (AddParameter): Name = "Ten_Linh_Kien"; Value = "Tr? 0805 1% 10k"; VariantName = "[No Variations]"
Added Component: Designator=R34(tro smd 0805)
Add component (AddParameter): Name = "Chung_Loai"; Value = "Dán"; VariantName = "[No Variations]"
Add component (AddParameter): Name = "Don_Vi"; Value = "Con"; VariantName = "[No Variations]"
Add component (AddParameter): Name = "Kieu_Chan"; Value = ""; VariantName = "[No Variations]"
Add component (AddParameter): Name = "Ma_Hang"; Value = "MH005473"; VariantName = "[No Variations]"
Add component (AddParameter): Name = "So_Chan"; Value = "2"; VariantName = "[No Variations]"
Add component (AddParameter): Name = "Ten_Linh_Kien"; Value = "Tr? 0805 1% 10k"; VariantName = "[No Variations]"
Added Component: Designator=R35(tro smd 0805)
Add component (AddParameter): Name = "Chung_Loai"; Value = "Dán"; VariantName = "[No Variations]"
Add component (AddParameter): Name = "Don_Vi"; Value = "Con"; VariantName = "[No Variations]"
Add component (AddParameter): Name = "Kieu_Chan"; Value = ""; VariantName = "[No Variations]"
Add component (AddParameter): Name = "Ma_Hang"; Value = "MH005473"; VariantName = "[No Variations]"
Add component (AddParameter): Name = "So_Chan"; Value = "2"; VariantName = "[No Variations]"
Add component (AddParameter): Name = "Ten_Linh_Kien"; Value = "Tr? 0805 1% 10k"; VariantName = "[No Variations]"
Added Component: Designator=U1(BTS7960B_INF)
Add component (AddParameter): Name = "Copyright"; Value = "Copyright (C) 2025 Ultra Librarian. All rights reserved."; VariantName = "[No Variations]"
Add component (AddParameter): Name = "Manufacturer_Name"; Value = "Infineon"; VariantName = "[No Variations]"
Add component (AddParameter): Name = "Manufacturer_Part_Number"; Value = "BTS7960B"; VariantName = "[No Variations]"
Add component (AddParameter): Name = "RefDes"; Value = "RefDes"; VariantName = "[No Variations]"
Add component (AddParameter): Name = "Type"; Value = "Type"; VariantName = "[No Variations]"
Added Component: Designator=U2(BTS7960B_INF)
Add component (AddParameter): Name = "Copyright"; Value = "Copyright (C) 2025 Ultra Librarian. All rights reserved."; VariantName = "[No Variations]"
Add component (AddParameter): Name = "Manufacturer_Name"; Value = "Infineon"; VariantName = "[No Variations]"
Add component (AddParameter): Name = "Manufacturer_Part_Number"; Value = "BTS7960B"; VariantName = "[No Variations]"
Add component (AddParameter): Name = "RefDes"; Value = "RefDes"; VariantName = "[No Variations]"
Add component (AddParameter): Name = "Type"; Value = "Type"; VariantName = "[No Variations]"
Added Component: Designator=U5(OPTO_HCPL2631S)
Add component (AddParameter): Name = "Check_prices"; Value = "https://www.snapeda.com/parts/HCPL2631S/Onsemi/view-part/?ref=eda"; VariantName = "[No Variations]"
Add component (AddParameter): Name = "MF"; Value = "ON Semiconductor"; VariantName = "[No Variations]"
Add component (AddParameter): Name = "MP"; Value = "HCPL2631S"; VariantName = "[No Variations]"
Add component (AddParameter): Name = "Package"; Value = "SMD-8 Fairchild Semiconductor"; VariantName = "[No Variations]"
Add component (AddParameter): Name = "SnapEDA_Link"; Value = "https://www.snapeda.com/parts/HCPL2631S/Onsemi/view-part/?ref=snap"; VariantName = "[No Variations]"
Add component (AddParameter): Name = "Value"; Value = ""; VariantName = "[No Variations]"
Added Component: Designator=U6(DPAK127P1490X440-8N)
Add component (AddParameter): Name = "Check_prices"; Value = "https://www.snapeda.com/parts/BTS7960B/Infineon/view-part/?ref=eda"; VariantName = "[No Variations]"
Add component (AddParameter): Name = "MF"; Value = "Infineon"; VariantName = "[No Variations]"
Add component (AddParameter): Name = "MP"; Value = "BTS7960B"; VariantName = "[No Variations]"
Add component (AddParameter): Name = "Package"; Value = "TO-263 Infineon"; VariantName = "[No Variations]"
Add component (AddParameter): Name = "SnapEDA_Link"; Value = "https://www.snapeda.com/parts/BTS7960B/Infineon/view-part/?ref=snap"; VariantName = "[No Variations]"
Add component (AddParameter): Name = "Value"; Value = ""; VariantName = "[No Variations]"
Added Component: Designator=U7(OPTO_HCPL2631S)
Add component (AddParameter): Name = "Check_prices"; Value = "https://www.snapeda.com/parts/HCPL2631S/Onsemi/view-part/?ref=eda"; VariantName = "[No Variations]"
Add component (AddParameter): Name = "MF"; Value = "ON Semiconductor"; VariantName = "[No Variations]"
Add component (AddParameter): Name = "MP"; Value = "HCPL2631S"; VariantName = "[No Variations]"
Add component (AddParameter): Name = "Package"; Value = "SMD-8 Fairchild Semiconductor"; VariantName = "[No Variations]"
Add component (AddParameter): Name = "SnapEDA_Link"; Value = "https://www.snapeda.com/parts/HCPL2631S/Onsemi/view-part/?ref=snap"; VariantName = "[No Variations]"
Add component (AddParameter): Name = "Value"; Value = ""; VariantName = "[No Variations]"
Added Component: Designator=U8(DPAK127P1490X440-8N)
Add component (AddParameter): Name = "Check_prices"; Value = "https://www.snapeda.com/parts/BTS7960B/Infineon/view-part/?ref=eda"; VariantName = "[No Variations]"
Add component (AddParameter): Name = "MF"; Value = "Infineon"; VariantName = "[No Variations]"
Add component (AddParameter): Name = "MP"; Value = "BTS7960B"; VariantName = "[No Variations]"
Add component (AddParameter): Name = "Package"; Value = "TO-263 Infineon"; VariantName = "[No Variations]"
Add component (AddParameter): Name = "SnapEDA_Link"; Value = "https://www.snapeda.com/parts/BTS7960B/Infineon/view-part/?ref=snap"; VariantName = "[No Variations]"
Add component (AddParameter): Name = "Value"; Value = ""; VariantName = "[No Variations]"
Added Pin To Net: NetName=3.3V Pin=H2-1
Added Pin To Net: NetName=GND Pin=H2-2
Added Pin To Net: NetName=GND Pin=H4-2
Added Pin To Net: NetName=ENCODER1_B Pin=H4-3
Added Pin To Net: NetName=ENCODER1_A Pin=H4-4
Added Pin To Net: NetName=3.3V Pin=H4-5
Added Pin To Net: NetName=GND Pin=H5-2
Added Pin To Net: NetName=ENCODER2_B Pin=H5-3
Added Pin To Net: NetName=ENCODER2_A Pin=H5-4
Added Pin To Net: NetName=3.3V Pin=H5-5
Added Pin To Net: NetName=3.3V Pin=L4-1
Added Pin To Net: NetName=3.3V Pin=L6-1
Added Pin To Net: NetName=3.3V Pin=R11-1
Added Pin To Net: NetName=3.3V Pin=R12-2
Added Pin To Net: NetName=RPWM1 Pin=R13-2
Added Pin To Net: NetName=LPWM1 Pin=R15-2
Added Pin To Net: NetName=RPWM2 Pin=R24-2
Added Pin To Net: NetName=LPWM2 Pin=R25-2
Added Pin To Net: NetName=LPWM1 Pin=U1-2
Added Pin To Net: NetName=RPWM1 Pin=U2-2
Added Pin To Net: NetName=ENCODER1_A Pin=U4-40
Added Pin To Net: NetName=ENCODER1_B Pin=U4-41
Added Pin To Net: NetName=ENCODER2_A Pin=U4-42
Added Pin To Net: NetName=ENCODER2_B Pin=U4-43
Added Pin To Net: NetName=GND Pin=U5-2
Added Pin To Net: NetName=GND Pin=U5-3
Added Pin To Net: NetName=LPWM1 Pin=U5-6
Added Pin To Net: NetName=RPWM1 Pin=U5-7
Added Pin To Net: NetName=RPWM2 Pin=U6-2
Added Pin To Net: NetName=GND Pin=U7-2
Added Pin To Net: NetName=GND Pin=U7-3
Added Pin To Net: NetName=LPWM2 Pin=U7-6
Added Pin To Net: NetName=RPWM2 Pin=U7-7
Added Pin To Net: NetName=LPWM2 Pin=U8-2
Change Net Name : Old Net Name=NetC12_1 New Net Name=NetC16_1
Change Net Name : Old Net Name=NetC17_2 New Net Name=NetC21_2
Change Net Name : Old Net Name=NetC18_2 New Net Name=NetC22_2
Change Net Name : Old Net Name=NetC20_1 New Net Name=NetC25_1
Change Net Name : Old Net Name=NetC21_1 New Net Name=NetC26_1
Change Net Name : Old Net Name=NetL1_2 New Net Name=NetL3_2
Change Net Name : Old Net Name=NetL2_2 New Net Name=NetL5_2
Change Net Name : Old Net Name=NetR2_2 New Net Name=NetR8_2
Change Net Name : Old Net Name=NetR8_1 New Net Name=NetR20_1
Change Net Name : Old Net Name=NetR9_2 New Net Name=NetR21_2
Added Pin To Net: NetName=5V_CS Pin=C5-1
Added Pin To Net: NetName=5V_CS Pin=C6-1
Added Pin To Net: NetName=5V_CS Pin=H3-1
Added Pin To Net: NetName=5V_CS Pin=L1-1
Added Pin To Net: NetName=5V_CS Pin=L2-1
Added Pin To Net: NetName=5V_CS Pin=R1-1
Added Pin To Net: NetName=5V_CS Pin=R3-1
Added Pin To Net: NetName=5V_CS Pin=R13-1
Added Pin To Net: NetName=5V_CS Pin=R15-1
Added Pin To Net: NetName=5V_CS Pin=R22-1
Added Pin To Net: NetName=5V_CS Pin=R24-1
Added Pin To Net: NetName=5V_CS Pin=R25-1
Added Pin To Net: NetName=5V_CS Pin=R32-1
Added Pin To Net: NetName=5V_CS Pin=U5-8
Added Pin To Net: NetName=5V_CS Pin=U7-8
Added Net: Name=5V_CS
Added Pin To Net: NetName=12V_CS Pin=C1-1
Added Pin To Net: NetName=12V_CS Pin=C2-1
Added Pin To Net: NetName=12V_CS Pin=C23-1
Added Pin To Net: NetName=12V_CS Pin=H8-1
Added Pin To Net: NetName=12V_CS Pin=U1-7
Added Pin To Net: NetName=12V_CS Pin=U2-7
Added Pin To Net: NetName=12V_CS Pin=U6-7
Added Pin To Net: NetName=12V_CS Pin=U8-7
Added Net: Name=12V_CS
Added Pin To Net: NetName=GND_CS Pin=C1-2
Added Pin To Net: NetName=GND_CS Pin=C2-2
Added Pin To Net: NetName=GND_CS Pin=C5-2
Added Pin To Net: NetName=GND_CS Pin=C6-2
Added Pin To Net: NetName=GND_CS Pin=C23-2
Added Pin To Net: NetName=GND_CS Pin=H3-2
Added Pin To Net: NetName=GND_CS Pin=H8-2
Added Pin To Net: NetName=GND_CS Pin=R2-2
Added Pin To Net: NetName=GND_CS Pin=R4-2
Added Pin To Net: NetName=GND_CS Pin=R5-2
Added Pin To Net: NetName=GND_CS Pin=R6-2
Added Pin To Net: NetName=GND_CS Pin=R9-1
Added Pin To Net: NetName=GND_CS Pin=R10-1
Added Pin To Net: NetName=GND_CS Pin=R26-2
Added Pin To Net: NetName=GND_CS Pin=R27-2
Added Pin To Net: NetName=GND_CS Pin=R34-2
Added Pin To Net: NetName=GND_CS Pin=R35-2
Added Pin To Net: NetName=GND_CS Pin=U1-1
Added Pin To Net: NetName=GND_CS Pin=U2-1
Added Pin To Net: NetName=GND_CS Pin=U5-5
Added Pin To Net: NetName=GND_CS Pin=U6-1
Added Pin To Net: NetName=GND_CS Pin=U7-5
Added Pin To Net: NetName=GND_CS Pin=U8-1
Added Net: Name=GND_CS
Added Pin To Net: NetName=I2C1_SCL Pin=LCD1-4
Added Pin To Net: NetName=I2C1_SCL Pin=R11-2
Added Pin To Net: NetName=I2C1_SCL Pin=U4-92
Added Net: Name=I2C1_SCL
Added Pin To Net: NetName=I2C1_SDA Pin=LCD1-3
Added Pin To Net: NetName=I2C1_SDA Pin=R12-1
Added Pin To Net: NetName=I2C1_SDA Pin=U4-93
Added Net: Name=I2C1_SDA
Added Pin To Net: NetName=LED1 Pin=R29-1
Added Pin To Net: NetName=LED1 Pin=U4-1
Added Net: Name=LED1
Added Pin To Net: NetName=LED2 Pin=R30-1
Added Pin To Net: NetName=LED2 Pin=U4-2
Added Net: Name=LED2
Added Pin To Net: NetName=LED3 Pin=R28-1
Added Pin To Net: NetName=LED3 Pin=U4-3
Added Net: Name=LED3
Added Pin To Net: NetName=LPWM1_MCU Pin=R16-1
Added Pin To Net: NetName=LPWM1_MCU Pin=U4-48
Added Net: Name=LPWM1_MCU
Added Pin To Net: NetName=LPWM2_MCU Pin=R31-1
Added Pin To Net: NetName=LPWM2_MCU Pin=U4-45
Added Net: Name=LPWM2_MCU
Added Pin To Net: NetName=M1+ Pin=H4-1
Added Pin To Net: NetName=M1+ Pin=U2-4
Added Pin To Net: NetName=M1+ Pin=U2-8
Added Net: Name=M1+
Added Pin To Net: NetName=M1- Pin=H4-6
Added Pin To Net: NetName=M1- Pin=U1-4
Added Pin To Net: NetName=M1- Pin=U1-8
Added Net: Name=M1-
Added Pin To Net: NetName=M2+ Pin=H5-1
Added Pin To Net: NetName=M2+ Pin=U6-4
Added Pin To Net: NetName=M2+ Pin=U6-8
Added Net: Name=M2+
Added Pin To Net: NetName=M2- Pin=H5-6
Added Pin To Net: NetName=M2- Pin=U8-4
Added Pin To Net: NetName=M2- Pin=U8-8
Added Net: Name=M2-
Added Pin To Net: NetName=NetL1_2 Pin=L1-2
Added Pin To Net: NetName=NetL1_2 Pin=R9-2
Added Net: Name=NetL1_2
Added Pin To Net: NetName=NetL2_2 Pin=L2-2
Added Pin To Net: NetName=NetL2_2 Pin=R10-2
Added Net: Name=NetL2_2
Added Pin To Net: NetName=NetL4_2 Pin=L4-2
Added Pin To Net: NetName=NetL4_2 Pin=R28-2
Added Net: Name=NetL4_2
Added Pin To Net: NetName=NetL6_2 Pin=L6-2
Added Pin To Net: NetName=NetL6_2 Pin=R30-2
Added Net: Name=NetL6_2
Added Pin To Net: NetName=NetR1_2 Pin=R1-2
Added Pin To Net: NetName=NetR1_2 Pin=U1-3
Added Net: Name=NetR1_2
Added Pin To Net: NetName=NetR2_1 Pin=R2-1
Added Pin To Net: NetName=NetR2_1 Pin=U1-6
Added Net: Name=NetR2_1
Added Pin To Net: NetName=NetR3_2 Pin=R3-2
Added Pin To Net: NetName=NetR3_2 Pin=U2-3
Added Net: Name=NetR3_2
Added Pin To Net: NetName=NetR4_1 Pin=R4-1
Added Pin To Net: NetName=NetR4_1 Pin=U1-5
Added Net: Name=NetR4_1
Added Pin To Net: NetName=NetR5_1 Pin=R5-1
Added Pin To Net: NetName=NetR5_1 Pin=U2-6
Added Net: Name=NetR5_1
Added Pin To Net: NetName=NetR6_1 Pin=R6-1
Added Pin To Net: NetName=NetR6_1 Pin=U2-5
Added Net: Name=NetR6_1
Added Pin To Net: NetName=NetR14_2 Pin=R14-2
Added Pin To Net: NetName=NetR14_2 Pin=U5-1
Added Net: Name=NetR14_2
Added Pin To Net: NetName=NetR16_2 Pin=R16-2
Added Pin To Net: NetName=NetR16_2 Pin=U5-4
Added Net: Name=NetR16_2
Added Pin To Net: NetName=NetR22_2 Pin=R22-2
Added Pin To Net: NetName=NetR22_2 Pin=U6-3
Added Net: Name=NetR22_2
Added Pin To Net: NetName=NetR23_2 Pin=R23-2
Added Pin To Net: NetName=NetR23_2 Pin=U7-1
Added Net: Name=NetR23_2
Added Pin To Net: NetName=NetR26_1 Pin=R26-1
Added Pin To Net: NetName=NetR26_1 Pin=U6-5
Added Net: Name=NetR26_1
Added Pin To Net: NetName=NetR27_1 Pin=R27-1
Added Pin To Net: NetName=NetR27_1 Pin=U6-6
Added Net: Name=NetR27_1
Added Pin To Net: NetName=NetR31_2 Pin=R31-2
Added Pin To Net: NetName=NetR31_2 Pin=U7-4
Added Net: Name=NetR31_2
Added Pin To Net: NetName=NetR32_2 Pin=R32-2
Added Pin To Net: NetName=NetR32_2 Pin=U8-3
Added Net: Name=NetR32_2
Added Pin To Net: NetName=NetR34_1 Pin=R34-1
Added Pin To Net: NetName=NetR34_1 Pin=U8-5
Added Net: Name=NetR34_1
Added Pin To Net: NetName=NetR35_1 Pin=R35-1
Added Pin To Net: NetName=NetR35_1 Pin=U8-6
Added Net: Name=NetR35_1
Added Pin To Net: NetName=RPWM1_MCU Pin=R14-1
Added Pin To Net: NetName=RPWM1_MCU Pin=U4-47
Added Net: Name=RPWM1_MCU
Added Pin To Net: NetName=RPWM2_MCU Pin=R23-1
Added Pin To Net: NetName=RPWM2_MCU Pin=U4-44
Added Net: Name=RPWM2_MCU
Added Pin To Net: NetName=RXD1 Pin=H7-3
Added Pin To Net: NetName=RXD1 Pin=U4-69
Added Net: Name=RXD1
Added Pin To Net: NetName=TXD1 Pin=H7-2
Added Pin To Net: NetName=TXD1 Pin=U4-68
Added Net: Name=TXD1
Added Member To Class: ClassName=Sheet3 Member=Component C24 104
Added Member To Class: ClassName=Sheet3 Member=Component C25 225
Added Member To Class: ClassName=Sheet3 Member=Component C26 225
Added Member To Class: ClassName=Sheet3 Member=Component C27 104
Added Member To Class: ClassName=Sheet3 Member=Component C28 104
Added Member To Class: ClassName=Sheet3 Member=Component L3 LED 1206
Added Member To Class: ClassName=Sheet3 Member=Component L4 LED 1206
Added Member To Class: ClassName=Sheet3 Member=Component L5 LED 1206
Added Member To Class: ClassName=Sheet3 Member=Component L6 LED 1206
Added Member To Class: ClassName=Sheet3 Member=Component R12 10k
Added Member To Class: ClassName=Sheet3 Member=Component R13 10k
Added Member To Class: ClassName=Sheet3 Member=Component R14 1k
Added Member To Class: ClassName=Sheet3 Member=Component R15 10k
Added Member To Class: ClassName=Sheet3 Member=Component R16 1k
Added Member To Class: ClassName=Sheet3 Member=Component R17 10k
Added Member To Class: ClassName=Sheet3 Member=Component R18 10k
Added Member To Class: ClassName=Sheet3 Member=Component R19 10k
Added Member To Class: ClassName=Sheet3 Member=Component R20 220R
Added Member To Class: ClassName=Sheet3 Member=Component R21 10k
Added Member To Class: ClassName=Sheet3 Member=Component R22 10k
Added Member To Class: ClassName=Sheet3 Member=Component R23 1k
Added Member To Class: ClassName=Sheet3 Member=Component R24 10k
Added Member To Class: ClassName=Sheet3 Member=Component R25 10k
Added Member To Class: ClassName=Sheet3 Member=Component R26 10k
Added Member To Class: ClassName=Sheet3 Member=Component R27 10k
Added Member To Class: ClassName=Sheet3 Member=Component R28 1k
Added Member To Class: ClassName=Sheet3 Member=Component R29 1k
Added Member To Class: ClassName=Sheet3 Member=Component R30 1k
Added Member To Class: ClassName=Sheet3 Member=Component R31 1k
Added Member To Class: ClassName=Sheet3 Member=Component R32 10k
Added Member To Class: ClassName=Sheet3 Member=Component R33 10k
Added Member To Class: ClassName=Sheet3 Member=Component R34 10k
Added Member To Class: ClassName=Sheet3 Member=Component R35 10k
Added Member To Class: ClassName=Sheet3 Member=Component U3 ESP32-S3-WROOM-1-N4
Added Member To Class: ClassName=Sheet3 Member=Component U4 STM32F407VET6
Added Member To Class: ClassName=Sheet3 Member=Component U5 HCPL2631S
Added Member To Class: ClassName=Sheet3 Member=Component U6 BTS7960B
Added Member To Class: ClassName=Sheet3 Member=Component U7 HCPL2631S
Added Member To Class: ClassName=Sheet3 Member=Component U8 BTS7960B
Added Rule: Name=Schematic Supply Nets_3
Added Rule: Name=Schematic Supply Nets_4
Added Rule: Name=Schematic Supply Nets_5
