Change Component Designator: Old Designator=BT2 New Designator=BT1
Change Component Designator: Old Designator=BT3 New Designator=BT2
Change Component Designator: Old Designator=BT4 New Designator=BT3
Change Component Designator: Old Designator=C15 New Designator=C14
Change Component Designator: Old Designator=C16 New Designator=C15
Change Component Designator: Old Designator=C19 New Designator=C18
Change Component Designator: Old Designator=C22 New Designator=C21
Change Component Designator: Old Designator=C28 New Designator=C22
Change Component Designator: Old Designator=C? New Designator=C4
Change Component Designator: Old Designator=C? New Designator=C5
Change Component Designator: Old Designator=C? New Designator=C6
Change Component Designator: Old Designator=C? New Designator=C7
Change Component Designator: Old Designator=C? New Designator=C8
Change Component Designator: Old Designator=C? New Designator=C9
Change Component Designator: Old Designator=C? New Designator=C10
Change Component Designator: Old Designator=C? New Designator=C11
Change Component Designator: Old Designator=C? New Designator=C12
Change Component Designator: Old Designator=C? New Designator=C13
Change Component Designator: Old Designator=C? New Designator=C16
Change Component Designator: Old Designator=C? New Designator=C17
Change Component Designator: Old Designator=C? New Designator=C19
Change Component Designator: Old Designator=C? New Designator=C20
Change Component Designator: Old Designator=E? New Designator=E1
Change Component Designator: Old Designator=H6 New Designator=H2
Change Component Designator: Old Designator=H8 New Designator=H3
Change Component Designator: Old Designator=L? New Designator=L2
Change Component Designator: Old Designator=L? New Designator=L3
Change Component Designator: Old Designator=L? New Designator=L4
Change Component Designator: Old Designator=LCD? New Designator=LCD1
Change Component Designator: Old Designator=R7 New Designator=R2
Change Component Designator: Old Designator=R11 New Designator=R12
Change Component Designator: Old Designator=R? New Designator=R1
Change Component Designator: Old Designator=R? New Designator=R3
Change Component Designator: Old Designator=R? New Designator=R6
Change Component Designator: Old Designator=R? New Designator=R7
Change Component Designator: Old Designator=R? New Designator=R8
Change Component Designator: Old Designator=R? New Designator=R9
Change Component Designator: Old Designator=R? New Designator=R10
Change Component Designator: Old Designator=R? New Designator=R11
Change Component Designator: Old Designator=U? New Designator=U2
Change Component Designator: Old Designator=U? New Designator=U2
Change Component Designator: Old Designator=X? New Designator=X1
